┌──────────────────────────────────────────────────────────────────────────────────────────────────┐
│  ▌Services▐   Deploy   Topology   Git   Daemons                                                  │
│ ──────────────────────────────────────────────────────────────────────────────────────────────── │
│ Services                                                                                         │
│                                                                                                  │
│ web    running                                                                                   │
│ db     running                                                                                   │
│                                                                                                  │
│                                                                                                  │
│                                                                                                  │
│                                                                                                  │
│                                                                                                  │
│                                                                                                  │
│                                                                                                  │
│                                                                                                  │
│                                                                                                  │
│                                                                                                  │
│                                                                                                  │
│                                                                                                  │
│                                                                                                  │
│                                                                                                  │
│                                                                                                  │
└──────────────────────────────────────────────────────────────────────────────────────────────────┘
dwe · demo                                                                                    ? help