┌──────────────────────────────────────────────────────────────────────────────────────────────────┐
│  ▌Services▐   Deploy   Topology   Git   Daemons                                                  │
│ ──────────────────────────────────────────────────────────────────────────────────────────────── │
│ Services                                                                                         │
│                                                                                                  │
│ web    running                                                                                   │
│ db     running                                                                                   │
│                                                                                                  │
│                                                                                                  │
│                                                                                                  │
│                                                                                                  │
│                                                                                                  │
│                                                                                                  │
│                                                                                                  │
│                                                                                                  │
│                                                                                                  │
│                                                                                                  │
│                                                                                                  │
│                                                                                                  │
│                                                                                                  │
│                                                                                                  │
│                                                                                                  │
└──────────────────────────────────────────────────────────────────────────────────────────────────┘
{▪} DWE · demo · Status                                                                       ? help