── Deploy Status ───────────────────────────────────────────────────────────────
╭───────┬────────────┬───────┬─────────┬────────────┬───────────╮
│SERVICE│STATUS      │CONFIG │PREV HASH│CURR HASH   │LAST FAILED│
├───────┼────────────┼───────┼─────────┼────────────┼───────────┤
│web    │not_deployed│missing│         │04d838b291bd│—          │
╰───────┴────────────┴───────┴─────────┴────────────┴───────────╯
