── Apps ────────────────────────────────────────────────────────────────────────
╭──────┬───┬─────────┬─────┬─────┬─────────┬───────╮
│NAME  │DIR│CONTAINER│HOSTS│PORTS│STATE    │RUNNING│
├──────┼───┼─────────┼─────┼─────┼─────────┼───────┤
│📦 web│—  │web      │—    │—    │mandatory│running│
╰──────┴───┴─────────┴─────┴─────┴─────────┴───────╯

── Tools ───────────────────────────────────────────────────────────────────────
╭────────┬─────────┬─────┬─────┬───────┬───────╮
│NAME    │CONTAINER│HOSTS│PORTS│STATE  │RUNNING│
├────────┼─────────┼─────┼─────┼───────┼───────┤
│🔧 cache│cache    │—    │—    │enabled│stopped│
╰────────┴─────────┴─────┴─────┴───────┴───────╯
