── Deploy Status ───────────────────────────────────────────────────────────────
╭───────┬────────────┬───────┬─────────┬────────────┬───────────╮
│SERVICE│STATUS      │CONFIG │PREV HASH│CURR HASH   │LAST FAILED│
├───────┼────────────┼───────┼─────────┼────────────┼───────────┤
│web    │not_deployed│missing│         │74eb25c6b403│—          │
╰───────┴────────────┴───────┴─────────┴────────────┴───────────╯
