── Git Workspace ───────────────────────────────────────────
╭───────┬────────────┬──────┬───────┬─────┬────────────╮
│SERVICE│DIR         │BRANCH│SHA    │DIRTY│AHEAD/BEHIND│
├───────┼────────────┼──────┼───────┼─────┼────────────┤
│web    │services/web│main  │abc1234│clean│—           │
╰───────┴────────────┴──────┴───────┴─────┴────────────╯