┌───────────┐┌─────────────────────────────────────────────────────────────────┐
│ /█  3 ma… ││                                                                 │
│ >   Conf… ││    Configuration                                                │
│     Guid… ││                                                                 │
│     DWE … ││   Configure your DWE workspace.                                 │
│           ││                                                                 │
│           ││                                                                 │
│           ││                                                                 │
│           ││                                                                 │
│           ││                                                                 │
│           ││                                                                 │
│           ││                                                                 │
│           ││                                                                 │
│           ││                                                                 │
│           ││                                                                 │
│           ││                                                                 │
│           ││                                                                 │
│           ││                                                                 │
│           ││                                                                 │
│           ││                                                                 │
│           ││                                                                 │
│           ││                                                                 │
└───────────┘└─────────────────────────────────────────────────────────────────┘
dwe                            config.md  [en]                            ? help