┌───────────┐┌────────────────────────────────────────────────────────────────┐
│ >   Conf… ││                                                                │
│     Guid… ││    Configuration                                               │
│     DWE … ││                                                                │
│           ││   Configure your DWE workspace.                                │
│           ││                                                                │
│           ││                                                                │
│           ││                                                                │
│           ││                                                                │
│           ││                                                                │
│           ││                                                                │
│           ││                                                                │
│           ││                                                                │
│           ││                                                                │
│           ││                                                                │
│           ││                                                                │
│           ││                                                                │
│           ││                                                                │
│           ││                                                                │
│           ││                                                                │
│           ││                                                                │
│           ││                                                                │
└───────────┘└────────────────────────────────────────────────────────────────┘
dwe                           config.md  [en]                            ? help