┌──────────────┐┌──────────────────────────────────────────────────────────────────────────────────┐
│ >   Configu… ││                                                                                  │
│     Guides   ││    Configuration                                                                 │
│     DWE Doc… ││                                                                                  │
│              ││   Configure your DWE workspace.                                                  │
│              ││                                                                                  │
│              ││                                                                                  │
│              ││                                                                                  │
│              ││                                                                                  │
│              ││                                                                                  │
│              ││                                                                                  │
│              ││                                                                                  │
│              ││                                                                                  │
│              ││                                                                                  │
│              ││                                                                                  │
│              ││                                                                                  │
│              ││                                                                                  │
│              ││                                                                                  │
│              ││                                                                                  │
│              ││                                                                                  │
│              ││                                                                                  │
│              ││                                                                                  │
└──────────────┘└──────────────────────────────────────────────────────────────────────────────────┘
dwe                                      config.md  [en]                                      ? help