┌────────┐┌────────────────────────────────────────────────┐
│ >   C… ││                                                │
│     G… ││    Configuration                               │
│     D… ││                                                │
│        ││   Configure your DWE workspace.                │
│        ││                                                │
│        ││                                                │
│        ││                                                │
│        ││                                                │
│        ││                                                │
│        ││                                                │
│        ││                                                │
│        ││                                                │
│        ││                                                │
│        ││                                                │
│        ││                                                │
│        ││                                                │
│        ││                                                │
│        ││                                                │
│        ││                                                │
│        ││                                                │
│        ││                                                │
└────────┘└────────────────────────────────────────────────┘
dwe                  config.md  [en]                  ? help