┌───────────────────────────────┐┌────────────────────────────────────────────────────────────────┐
│ [left 29x21]                  ││ [right 62x21]                                                  │
│                               ││                                                                │
│                               ││                                                                │
│                               ││                                                                │
│                               ││                                                                │
│                               ││                                                                │
│                               ││                                                                │
│                               ││                                                                │
│                               ││                                                                │
│                               ││                                                                │
│                               ││                                                                │
│                               ││                                                                │
│                               ││                                                                │
│                               ││                                                                │
│                               ││                                                                │
│                               ││                                                                │
│                               ││                                                                │
│                               ││                                                                │
│                               ││                                                                │
│                               ││                                                                │
│                               ││                                                                │
└───────────────────────────────┘└────────────────────────────────────────────────────────────────┘
dwe · demo                                    stub: ready                                    ? help