┌───────────────────────────────┐┌─────────────────────────────────────────────────────────────────┐
│ [left 29x21]                  ││ [right 63x21]                                                   │
│                               ││                                                                 │
│                               ││                                                                 │
│                               ││                                                                 │
│                               ││                                                                 │
│                               ││                                                                 │
│                               ││                                                                 │
│                               ││                                                                 │
│                               ││                                                                 │
│                               ││                                                                 │
│                               ││                                                                 │
│                               ││                                                                 │
│                               ││                                                                 │
│                               ││                                                                 │
│                               ││                                                                 │
│                               ││                                                                 │
│                               ││                                                                 │
│                               ││                                                                 │
│                               ││                                                                 │
│                               ││                                                                 │
│                               ││                                                                 │
└───────────────────────────────┘└─────────────────────────────────────────────────────────────────┘
dwe · demo                                    stub: ready                                     ? help