┌────────────────────────┐┌────────────────────────────────────────────────────┐
│ [left 22x21]           ││ [right 50x21]                                      │
│                        ││                                                    │
│                        ││                                                    │
│                    ╭───────────────────────────────────╮                     │
│                    │ Help                              │                     │
│                    │                                   │                     │
│                    │ Navigation                        │                     │
│                    │   tab        Focus next panel     │                     │
│                    │   shift+tab  Focus previous panel │                     │
│                    │                                   │                     │
│                    │ General                           │                     │
│                    │   ?          Toggle help          │                     │
│                    │   q, ctrl+c  Quit                 │                     │
│                    │                                   │                     │
│                    │ Stub                              │                     │
│                    │   o          Open item            │                     │
│                    │   r          Reload               │                     │
│                    ╰───────────────────────────────────╯                     │
│                        ││                                                    │
│                        ││                                                    │
│                        ││                                                    │
└────────────────────────┘└────────────────────────────────────────────────────┘
dwe · demo                          stub: ready                           ? help