┌──────────────────┐┌──────────────────────────────────────┐
│ [left 16x21]     ││ [right 36x21]                        │
│                  ││                                      │
│                  ││                                      │
│                  ││                                      │
│                  ││                                      │
│                  ││                                      │
│                  ││                                      │
│                  ││                                      │
│                  ││                                      │
│                  ││                                      │
│                  ││                                      │
│                  ││                                      │
│                  ││                                      │
│                  ││                                      │
│                  ││                                      │
│                  ││                                      │
│                  ││                                      │
│                  ││                                      │
│                  ││                                      │
│                  ││                                      │
│                  ││                                      │
└──────────────────┘└──────────────────────────────────────┘
dwe · demo                stub: ready                 ? help