┌────────────────────────┐┌───────────────────────────────────────────────────┐
│ [left 22x21]           ││ [right 49x21]                                     │
│                        ││                                                   │
│                        ││                                                   │
│                        ││                                                   │
│                        ││                                                   │
│                        ││                                                   │
│                        ││                                                   │
│                        ││                                                   │
│                        ││                                                   │
│                        ││                                                   │
│                        ││                                                   │
│                        ││                                                   │
│                        ││                                                   │
│                        ││                                                   │
│                        ││                                                   │
│                        ││                                                   │
│                        ││                                                   │
│                        ││                                                   │
│                        ││                                                   │
│                        ││                                                   │
│                        ││                                                   │
└────────────────────────┘└───────────────────────────────────────────────────┘
dwe · demo                          stub: ready                          ? help