┌────────────────────────┐┌────────────────────────────────────────────────────┐
│ [left 22x21]           ││ [right 50x21]                                      │
│                        ││                                                    │
│                        ││                                                    │
│                        ││                                                    │
│                        ││                                                    │
│                        ││                                                    │
│                        ││                                                    │
│                        ││                                                    │
│                        ││                                                    │
│                        ││                                                    │
│                        ││                                                    │
│                        ││                                                    │
│                        ││                                                    │
│                        ││                                                    │
│                        ││                                                    │
│                        ││                                                    │
│                        ││                                                    │
│                        ││                                                    │
│                        ││                                                    │
│                        ││                                                    │
│                        ││                                                    │
└────────────────────────┘└────────────────────────────────────────────────────┘
dwe · demo                          stub: ready                           ? help