╭───────────────────────────────────╮
│ Help                              │
│                                   │
│ Navigation                        │
│   tab        Focus next panel     │
│   shift+tab  Focus previous panel │
│                                   │
│ General                           │
│   ?          Toggle help          │
│   q, ctrl+c  Quit                 │
╰───────────────────────────────────╯