{"commands":[{"id":"app.install","group":"app","title":"install","description":"Install application dependencies","type":"service_exec","service":"app-main","params":[{"name":"env","type":"string","required":true,"description":"target environment"}]},{"id":"db.migrate","group":"db","title":"migrate","description":"Run database migrations","type":"shell"}]}
