{"source":"<BASE>/snapshots/feature-x/manifest.yml","manifest":{"name":"feature-x","created_at":"2026-05-24T11:00:00Z","project":{"name":"testproj","config_hash":"abc"},"artifacts":[{"path":"db/main.sql.gz","size":1024,"sha256":"aaaaaaaaaaaaaaaaaaaaaaaaaaaaaaaaaaaaaaaaaaaaaaaaaaaaaaaaaaaaaaaa"}]},"current_config_hash":"","config_hash_diverged":false}
