{"source":"<BASE>/snapshots/feature-x/manifest.yml","manifest":{"Name":"feature-x","CreatedAt":"2026-05-24T11:00:00Z","Description":"","Project":{"Name":"testproj","ConfigHash":"abc","Services":null},"DevboxVersion":"","Variant":"","Artifacts":[{"Path":"db/main.sql.gz","Size":1024,"Sha256":"aaaaaaaaaaaaaaaaaaaaaaaaaaaaaaaaaaaaaaaaaaaaaaaaaaaaaaaaaaaaaaaa"}],"DevboxFiles":{"LocalYML":"","DeployState":""},"LastCreate":null,"LastRestore":null},"current_config_hash":"","config_hash_diverged":false}
