┌───────────────┐┌─────────────────────────────────────────────────────────────┐
│ ❯   cache     ││ ❯ cache.ttl                                                 │
│     db        ││   cache lifetime                                            │
│               ││                                                             │
│               ││                                                             │
│               ││                                                             │
│               ││                                                             │
│               ││                                                             │
│               ││                                                             │
│               ││                                                             │
│               ││                                                             │
│               ││                                                             │
│               ││                                                             │
│               ││                                                             │
│               ││                                                             │
│               ││                                                             │
│               ││                                                             │
│               ││                                                             │
│               ││                                                             │
│               ││                                                             │
│               ││                                                             │
│               ││                                                             │
└───────────────┘└─────────────────────────────────────────────────────────────┘
dwe · demo                         cache · 1 var                          ? help