┌────────────────────┐┌────────────────────────────────────────────────────────────────────────────┐
│ ❯   db (2)         ││ ❯ db.migrate                                               [1] [shell]     │
│   ▾ services (3)   ││   apply pending migrations                                                 │
│       api (2)      ││                                                                            │
│       web (1)      ││   db.seed                                                      [shell]     │
│                    ││   load fixtures                                                            │
│                    ││                                                                            │
│                    ││                                                                            │
│                    ││                                                                            │
│                    ││                                                                            │
│                    ││                                                                            │
│                    ││                                                                            │
│                    ││                                                                            │
│                    ││                                                                            │
│                    ││                                                                            │
│                    ││                                                                            │
│                    ││                                                                            │
│                    ││                                                                            │
│                    ││                                                                            │
│                    ││                                                                            │
│                    ││                                                                            │
│                    ││                                                                            │
└────────────────────┘└────────────────────────────────────────────────────────────────────────────┘
dwe · demo                                  db · 2 commands                                   ? help