┌────────────────────┐┌────────────────────────────────────────────────────────────────────────────┐
│ (no groups)        ││ ❯ migrate                                                  [1] [shell]     │
│                    ││   apply migrations                                                         │
│                    ││                                                                            │
│                    ││   deploy                                                 [3] [compose]     │
│                    ││   deploy the app                                                           │
│                    ││                                                                            │
│                    ││                                                                            │
│           ╭──────────────────────────────────────────────────────────────────────────╮           │
│           │ dwe commands › migrate                                                   │           │
│           │ ┃ name                                                                   │           │
│           │ ┃ the target name                                                        │           │
│           │ ┃ >                                                                      │           │
│           │ enter run · esc cancel                                                   │           │
│           ╰──────────────────────────────────────────────────────────────────────────╯           │
│                    ││                                                                            │
│                    ││                                                                            │
│                    ││                                                                            │
│                    ││                                                                            │
│                    ││                                                                            │
│                    ││                                                                            │
│                    ││                                                                            │
└────────────────────┘└────────────────────────────────────────────────────────────────────────────┘
dwe · demo                                (root) · 2 commands                                 ? help