┌────────────────────┐┌────────────────────────────────────────────────────────────────────────────┐
│ ❯   cache (1)      ││ ❯ cache.ttl                                                      [int]     │
│     db (2)         ││   cache lifetime                                                           │
│                    ││                                                                            │
│                    ││                                                                            │
│                    ││                                                                            │
│                    ││                                                                            │
│                    ││                                                                            │
│                    ││                                                                            │
│                    ││                                                                            │
│                    ││                                                                            │
│                    ││                                                                            │
│                    ││                                                                            │
│                    ││                                                                            │
│                    ││                                                                            │
│                    ││                                                                            │
│                    ││                                                                            │
│                    ││                                                                            │
│                    ││                                                                            │
│                    ││                                                                            │
│                    ││                                                                            │
│                    ││                                                                            │
└────────────────────┘└────────────────────────────────────────────────────────────────────────────┘
dwe · demo                                   cache · 1 var                                    ? help