┌───────────────┐┌─────────────────────────────────────────────────────────────┐
│ ❯   db        ││ ❯ db.migrate                                                │
│   ▾ services  ││   apply pending migrations                                  │
│       api     ││                                                             │
│       web     ││   db.seed                                                   │
│               ││   load fixtures                                             │
│               ││                                                             │
│               ││                                                             │
│               ││                                                             │
│               ││                                                             │
│               ││                                                             │
│               ││                                                             │
│               ││                                                             │
│               ││                                                             │
│               ││                                                             │
│               ││                                                             │
│               ││                                                             │
│               ││                                                             │
│               ││                                                             │
│               ││                                                             │
│               ││                                                             │
│               ││                                                             │
└───────────────┘└─────────────────────────────────────────────────────────────┘
dwe · demo                        db · 2 commands                         ? help