┌───────────────┐┌─────────────────────────────────────────────────────────────┐
│ (no groups)   ││ ❯ migrate                                                   │
│               ││   apply migrations                                          │
│               ││                                                             │
│               ││   deploy                                                    │
│               ││   deploy the app                                            │
│               ││                                                             │
│               ││                                                             │
│ ╭──────────────────────────────────────────────────────────────────────────╮ │
│ │ dwe commands › migrate                                                   │ │
│ │ ┃ name                                                                   │ │
│ │ ┃ the target name                                                        │ │
│ │ ┃ >                                                                      │ │
│ │ enter run · esc cancel                                                   │ │
│ ╰──────────────────────────────────────────────────────────────────────────╯ │
│               ││                                                             │
│               ││                                                             │
│               ││                                                             │
│               ││                                                             │
│               ││                                                             │
│               ││                                                             │
│               ││                                                             │
└───────────────┘└─────────────────────────────────────────────────────────────┘
dwe · demo                      (root) · 2 commands                       ? help