┌────────────────────┐┌───────────────────────────────────────────────────────────────────────────┐
│ (no groups)        ││   migrate                                                                 │
│                    ││   apply migrations                                                        │
│                    ││                                                                           │
│          ╭──────────────────────────────────────────────────────────────────────────╮           │
│          │ dwe commands › deploy                                                    │           │
│          │ ┃ name                                                                   │           │
│          │ ┃ the target name                                                        │           │
│          │ ┃ >                                                                      │           │
│          │                                                                          │           │
│          │   tag                                                                    │           │
│          │   image tag                                                              │           │
│          │   >                                                                      │           │
│          │                                                                          │           │
│          │   replicas                                                               │           │
│          │   replica count                                                          │           │
│          │   >                                                                      │           │
│          │ enter run · esc cancel                                                   │           │
│          ╰──────────────────────────────────────────────────────────────────────────╯           │
│                    ││                                                                           │
│                    ││                                                                           │
│                    ││                                                                           │
└────────────────────┘└───────────────────────────────────────────────────────────────────────────┘
dwe · demo                                (root) · 2 commands                                ? help