┌───────────────┐┌─────────────────────────────────────────────────────────────┐
│ (no groups)   ││ ❯ host                                                      │
│               ││   database host                                             │
│               ││                                                             │
│               ││   port                                                      │
│               ││   database port                                             │
│               ││                                                             │
│               ││                                                             │
│ ╭──────────────────────────────────────────────────────────────────────────╮ │
│ │ edit host                                                                │ │
│ │ ┃ host                                                                   │ │
│ │ ┃ current: database host                                                 │ │
│ │ ┃ > database host                                                        │ │
│ │ enter save · esc cancel                                                  │ │
│ ╰──────────────────────────────────────────────────────────────────────────╯ │
│               ││                                                             │
│               ││                                                             │
│               ││                                                             │
│               ││                                                             │
│               ││                                                             │
│               ││                                                             │
│               ││                                                             │
└───────────────┘└─────────────────────────────────────────────────────────────┘
dwe · demo                        (root) · 2 vars                         ? help